

<html>
<head><title>Language list</title></head>
<body>


<b>Languages:</b>
<br><br><br>

  count:1<br>
  maxCount:5<br>

  count:2<br>
  maxCount:5<br>

  count:3<br>
  maxCount:5<br>

  count:4<br>
  maxCount:5<br>

  count:5<br>
  maxCount:5<br>

lastCount:5<br>
</body>
</html>