

<html>
<head><title>Language list</title></head>
<body>




<br/><hr><br/>


   <div class="makumbaPagination">
  <div style="float: left; width: 50px" >
    <img border="0" src="/tests/makumbaResources/image/resultset_first.gif" alt="&lt;&lt;">
    <img border="0" src="/tests/makumbaResources/image/resultset_previous.gif" alt="&lt;">
  </div>
  <div style="float: right; width: 50px" align="right">
    <a href="/tests/JspRedirector?Cactus_TestMethod=testMakPagination&Cactus_Service=CALL_TEST&Cactus_AutomaticSession=true&Cactus_TestClass=test.tags.ListOQLTest&offset=2&limit=2" title="Next page"><img border="0" src="/tests/makumbaResources/image/resultset_next.gif" alt="&gt;"></a>
    <a href="/tests/JspRedirector?Cactus_TestMethod=testMakPagination&Cactus_Service=CALL_TEST&Cactus_AutomaticSession=true&Cactus_TestClass=test.tags.ListOQLTest&offset=4&limit=2" title="Last page"><img border="0" src="/tests/makumbaResources/image/resultset_last.gif" alt="&gt;&gt;"></a>  </div>
  <div style="text-align: center; margin: 0 15px;" align="center">
    Showing Items 1 to 2 out of 5 (Page 1 out of 3)
  </div>
  <div style="clear: both; font-size: 1px;">&nbsp;</div>
</div>

 
  name:English<br>
  isoCode:en<br><br>
  

  
  name:French<br>
  isoCode:fr<br><br>
   <div class="makumbaPagination">
  <div style="float: left; width: 50px" >
    <img border="0" src="/tests/makumbaResources/image/resultset_first.gif" alt="&lt;&lt;">
    <img border="0" src="/tests/makumbaResources/image/resultset_previous.gif" alt="&lt;">
  </div>
  <div style="float: right; width: 50px" align="right">
    <a href="/tests/JspRedirector?Cactus_TestMethod=testMakPagination&Cactus_Service=CALL_TEST&Cactus_AutomaticSession=true&Cactus_TestClass=test.tags.ListOQLTest&offset=2&limit=2" title="Next page"><img border="0" src="/tests/makumbaResources/image/resultset_next.gif" alt="&gt;"></a>
    <a href="/tests/JspRedirector?Cactus_TestMethod=testMakPagination&Cactus_Service=CALL_TEST&Cactus_AutomaticSession=true&Cactus_TestClass=test.tags.ListOQLTest&offset=4&limit=2" title="Last page"><img border="0" src="/tests/makumbaResources/image/resultset_last.gif" alt="&gt;&gt;"></a>  </div>
  <div style="text-align: center; margin: 0 15px;" align="center">
    Showing Items 1 to 2 out of 5 (Page 1 out of 3)
  </div>
  <div style="clear: both; font-size: 1px;">&nbsp;</div>
</div>

 


<br/><hr><br/>



   <div class="makumbaPagination">
  <div style="float: left; width: 50px" >
    <a href="/tests/JspRedirector?Cactus_TestMethod=testMakPagination&Cactus_Service=CALL_TEST&Cactus_AutomaticSession=true&Cactus_TestClass=test.tags.ListOQLTest&offset=0&limit=3" title="First page"><img border="0" src="/tests/makumbaResources/image/resultset_first.gif" alt="&lt;&lt;"></a>
    <a href="/tests/JspRedirector?Cactus_TestMethod=testMakPagination&Cactus_Service=CALL_TEST&Cactus_AutomaticSession=true&Cactus_TestClass=test.tags.ListOQLTest&offset=0&limit=3" title="Previous page"><img border="0" src="/tests/makumbaResources/image/resultset_previous.gif" alt="&lt;"></a>
  </div>
  <div style="float: right; width: 50px" align="right">
    <img border="0" src="/tests/makumbaResources/image/resultset_next.gif" alt="&gt;">
    <img border="0" src="/tests/makumbaResources/image/resultset_last.gif" alt="&gt;&gt;">  </div>
  <div style="text-align: center; margin: 0 15px;" align="center">
    Showing Items 3 to 5 out of 5 (Page 2 out of 2)
  </div>
  <div style="clear: both; font-size: 1px;">&nbsp;</div>
</div>

 
  name:German<br>
  isoCode:de<br><br>
  

  
  name:Italian<br>
  isoCode:it<br><br>
  

  
  name:Spanish<br>
  isoCode:sp<br><br>
   <div class="makumbaPagination">
  <div style="float: left; width: 50px" >
    <a href="/tests/JspRedirector?Cactus_TestMethod=testMakPagination&Cactus_Service=CALL_TEST&Cactus_AutomaticSession=true&Cactus_TestClass=test.tags.ListOQLTest&offset=0&limit=3" title="First page"><img border="0" src="/tests/makumbaResources/image/resultset_first.gif" alt="&lt;&lt;"></a>
    <a href="/tests/JspRedirector?Cactus_TestMethod=testMakPagination&Cactus_Service=CALL_TEST&Cactus_AutomaticSession=true&Cactus_TestClass=test.tags.ListOQLTest&offset=0&limit=3" title="Previous page"><img border="0" src="/tests/makumbaResources/image/resultset_previous.gif" alt="&lt;"></a>
  </div>
  <div style="float: right; width: 50px" align="right">
    <img border="0" src="/tests/makumbaResources/image/resultset_next.gif" alt="&gt;">
    <img border="0" src="/tests/makumbaResources/image/resultset_last.gif" alt="&gt;&gt;">  </div>
  <div style="text-align: center; margin: 0 15px;" align="center">
    Showing Items 3 to 5 out of 5 (Page 2 out of 2)
  </div>
  <div style="clear: both; font-size: 1px;">&nbsp;</div>
</div>

 


<br/><hr><br/>



   <div class="makumbaPagination">
  <div style="float: left; width: 50px" >
    <img border="0" src="/tests/makumbaResources/image/resultset_first.gif" alt="&lt;&lt;">
    <img border="0" src="/tests/makumbaResources/image/resultset_previous.gif" alt="&lt;">
  </div>
  <div style="float: right; width: 50px" align="right">
    <a href="/tests/JspRedirector?Cactus_TestMethod=testMakPagination&Cactus_Service=CALL_TEST&Cactus_AutomaticSession=true&Cactus_TestClass=test.tags.ListOQLTest&offset=1&limit=1" title="Next page"><img border="0" src="/tests/makumbaResources/image/resultset_next.gif" alt="&gt;"></a>
    <a href="/tests/JspRedirector?Cactus_TestMethod=testMakPagination&Cactus_Service=CALL_TEST&Cactus_AutomaticSession=true&Cactus_TestClass=test.tags.ListOQLTest&offset=4&limit=1" title="Last page"><img border="0" src="/tests/makumbaResources/image/resultset_last.gif" alt="&gt;&gt;"></a>  </div>
  <div style="text-align: center; margin: 0 15px;" align="center">
    Showing Items 1 to 1 out of 5 (Page 1 out of 5)
  </div>
  <div style="clear: both; font-size: 1px;">&nbsp;</div>
</div>

 
  name:English<br>
  isoCode:en<br><br>
   <div class="makumbaPagination">
  <div style="float: left; width: 50px" >
    <img border="0" src="/tests/makumbaResources/image/resultset_first.gif" alt="&lt;&lt;">
    <img border="0" src="/tests/makumbaResources/image/resultset_previous.gif" alt="&lt;">
  </div>
  <div style="float: right; width: 50px" align="right">
    <a href="/tests/JspRedirector?Cactus_TestMethod=testMakPagination&Cactus_Service=CALL_TEST&Cactus_AutomaticSession=true&Cactus_TestClass=test.tags.ListOQLTest&offset=1&limit=1" title="Next page"><img border="0" src="/tests/makumbaResources/image/resultset_next.gif" alt="&gt;"></a>
    <a href="/tests/JspRedirector?Cactus_TestMethod=testMakPagination&Cactus_Service=CALL_TEST&Cactus_AutomaticSession=true&Cactus_TestClass=test.tags.ListOQLTest&offset=4&limit=1" title="Last page"><img border="0" src="/tests/makumbaResources/image/resultset_last.gif" alt="&gt;&gt;"></a>  </div>
  <div style="text-align: center; margin: 0 15px;" align="center">
    Showing Items 1 to 1 out of 5 (Page 1 out of 5)
  </div>
  <div style="clear: both; font-size: 1px;">&nbsp;</div>
</div>

 


</body>
</html>
