

<html>
<head>
  <!-- BEGIN: automatically added by Makumba -->
  <link rel="StyleSheet" type="text/css" media="all" href="/tests/mak-tools/makumbaResources/css/makumba.css"/>
  <!-- END: automatically added by Makumba -->
<title>Nested forms</title>
  <!-- BEGIN: automatically added by Makumba -->
  <script type="text/javascript" src="/tests/mak-tools/makumbaResources/javaScript/makumba-livevalidation.js"></script>
  <script type="text/javascript" src="/tests/mak-tools/makumbaResources/javaScript/livevalidation_1.3_standalone.js"></script>
  <script type="text/javascript" src="/tests/mak-tools/makumbaResources/javaScript/kruseCalendarPopup_combined_compact.js"></script>
  <script type="text/javascript" src="/tests/mak-tools/makumbaResources/javaScript/makumbaDateFunctions.js"></script>
  <script type="text/javascript" src="/tests/mak-tools/makumbaResources/javaScript/makumbaSetChooser.js"></script>
  <script type="text/javascript" src="/tests/mak-tools/makumbaResources/javaScript/makumba-autocomplete.js"></script>
  <script type="text/javascript" src="/tests/mak-tools/makumbaResources/javaScript/makumba-ajax.js"></script>
  <!-- END: automatically added by Makumba -->
</head>
<body>



<form action="beginMakNestedNewForms.jsp" id="_form1" method="post" name="firstBrother" >
  1st Name: <input name="indiv.name" type="text" value="" maxlength="40" id="indiv.name_form1" ><br/>
  1st Surname: <input name="indiv.surname" type="text" value="" maxlength="40" id="indiv.surname_form1" ><br/>
  
  
  <input type="hidden" name="weight" value="23.0" id="weight_form1" ><br/>
  
    2nd Name: <input name="indiv.name_1" type="text" value="" maxlength="40" id="indiv.name_form2" ><br/>
    2nd Surname: <input name="indiv.surname_1" type="text" value="" maxlength="40" id="indiv.surname_form2" ><br/>
    
  <input type="hidden" name="__makumba__responder__" value="1471915657_1">
  
    3rd Name: <input name="indiv.name_2" type="text" value="" maxlength="40" id="indiv.name_form3" ><br/>
    3rd Surname: <input name="indiv.surname_2" type="text" value="" maxlength="40" id="indiv.surname_form3" ><br/>
  <input type="hidden" name="__makumba__responder__" value="-324038696_2">
  
    4th Name: <input name="indiv.name_3" type="text" value="" maxlength="40" id="indiv.name_form4" ><br/>
    4th Surname: <input name="indiv.surname_3" type="text" value="" maxlength="40" id="indiv.surname_form4" ><br/>
    
  <input type="hidden" name="__makumba__responder__" value="-2071388125_3">
  <input type="submit">
<input type="hidden" name="__makumba__responder__" value="-995164699">
</form>

</body>
</html>