

<html>
<head><title>Testing mak:nextCount() with nested lists</title></head>
<body>




<b>Persons</b> list will have 2 items<br/>

  &nbsp; # countPerson: 1/2<br/>
  &nbsp; &nbsp; <b>Languages</b> list will have 5 items<br/>
  
    &nbsp; &nbsp; &nbsp; # countLanguage: 1/5<br/>
  
    &nbsp; &nbsp; &nbsp; # countLanguage: 2/5<br/>
  
    &nbsp; &nbsp; &nbsp; # countLanguage: 3/5<br/>
  
    &nbsp; &nbsp; &nbsp; # countLanguage: 4/5<br/>
  
    &nbsp; &nbsp; &nbsp; # countLanguage: 5/5<br/>
  
  &nbsp; &nbsp; <b>Languages</b> list had 5 items<br/>
  &nbsp; # countPerson 2: 1/2<br/>
  <br/>

  &nbsp; # countPerson: 2/2<br/>
  &nbsp; &nbsp; <b>Languages</b> list will have 5 items<br/>
  
    &nbsp; &nbsp; &nbsp; # countLanguage: 1/5<br/>
  
    &nbsp; &nbsp; &nbsp; # countLanguage: 2/5<br/>
  
    &nbsp; &nbsp; &nbsp; # countLanguage: 3/5<br/>
  
    &nbsp; &nbsp; &nbsp; # countLanguage: 4/5<br/>
  
    &nbsp; &nbsp; &nbsp; # countLanguage: 5/5<br/>
  
  &nbsp; &nbsp; <b>Languages</b> list had 5 items<br/>
  &nbsp; # countPerson 2: 2/2<br/>
  <br/>

<b>Persons</b> list had 2 items<br/>
</body>
</html>
