

<html>
<head><title>Language list</title></head>
<body>




<b>Languages:</b>
<br><br><br>



lastCountLanguageExternalSet:10<br>


lastCountLanguageSetComplex:2<br>


</body>
</html>