

<html>
<head>
  <!-- BEGIN: automatically added by Makumba -->
  <link rel="StyleSheet" type="text/css" media="all" href="/tests/mak-tools/makumbaResources/css/makumba.css"/>
  <!-- END: automatically added by Makumba -->
<title>Nested forms</title>
  <!-- BEGIN: automatically added by Makumba -->
  <script type="text/javascript" src="/tests/mak-tools/makumbaResources/javaScript/makumba-livevalidation.js"></script>
  <script type="text/javascript" src="/tests/mak-tools/makumbaResources/javaScript/livevalidation_1.3_standalone.js"></script>
  <script type="text/javascript" src="/tests/mak-tools/makumbaResources/javaScript/kruseCalendarPopup_combined_compact.js"></script>
  <script type="text/javascript" src="/tests/mak-tools/makumbaResources/javaScript/makumbaDateFunctions.js"></script>
  <script type="text/javascript" src="/tests/mak-tools/makumbaResources/javaScript/makumbaSetChooser.js"></script>
  <script type="text/javascript" src="/tests/mak-tools/makumbaResources/javaScript/makumba-autocomplete.js"></script>
  <script type="text/javascript" src="/tests/mak-tools/makumbaResources/javaScript/makumba-ajax.js"></script>
  <!-- END: automatically added by Makumba -->
</head>
<body>



response:!
<form action="testMakNestedNewFormsSimple.jsp" id="_form1" method="post" name="firstBrother" >
  1st name: <input name="indiv.name" type="text" value="" maxlength="40" id="indiv.name_form1" ><br/>
  1st surname: <input name="indiv.surname" type="text" value="" maxlength="40" id="indiv.surname_form1" ><br/>
  
  <input type="hidden" name="weight" value="23.0" id="weight_form1" ><br/>

  
    2nd name: <input name="indiv.name_1" type="text" value="" maxlength="40" id="indiv.name_form2" ><br/>
    2nd surname: <input name="indiv.surname_1" type="text" value="" maxlength="40" id="indiv.surname_form2" ><br/>
    
  <input type="hidden" name="__makumba__responder__" value="600615358_1">
  <input type="submit">
<input type="hidden" name="__makumba__responder__" value="-1305200731">
</form>

</body>
</html>