

<html>
<head><title>Nested forms</title></head>
<body>


testNewFormStart!<form action="testMakNewForm.jsp" method="post" name="myNewForm" >!endNewFormStart
        testName!<input name="indiv.name" type="text" value="" maxlength="40" id="indiv.name" >!endName
        testAdd!
          testAddEmail!<input name="email_1" type="text" value="" maxlength="40" id="email_1" >!endAddEmail
        <input type="hidden" name="__makumba__responder__" value="-1975331072_1">!endAdd
        testSubmit!<input type="submit">!endSubmit
testNewFormEnd!<input type="hidden" name="__makumba__responder__" value="1441269009">
</form>!endNewFormEnd


</body>
</html>