

<html>
<head>
  <link rel="StyleSheet" type="text/css" media="all" href="/tests/mak-tools/makumbaResources/css/makumba.css"/><title>Test Search Form with static where condition</title></head>
<body>




<form action="testMakSearchFormStaticWhere.jsp" id="_form1" method="GET" name="searchPerson" >
  name or surname  <SELECT NAME="indiv.nameMatch" SIZE="1" >
	<OPTION value="contains" SELECTED>contains</OPTION>
	<OPTION value="equals">equals</OPTION>
	<OPTION value="begins">begins with</OPTION>
	<OPTION value="ends">ends with</OPTION>
</SELECT>
 <input name="indiv.name" type="text" value="h" maxlength="40" id="indiv.name_form1" > 
  <input type="submit" value="search">
<input type="hidden" name="__makumba__responder__" value="-2038200792">
</form>

<hr/>
<b>Search form attributes:</b><br/>
searchPersonDone: true<br/>
searchPersonFrom: test.Person o<br/>
searchPersonVariableFrom: <br/>
searchPersonWhere:  (o.indiv.name LIKE $indiv.name__Like OR o.indiv.surname LIKE $indiv.name__Like) <br/>
searchPersonQueryString: indiv.name=h&indiv.nameMatch=contains&__makumba__responder__=1159585475<br/>
<hr/>


  name: john von Neumann, length: 16<br>


</body>
</html>
