

<html>
<head><title>Nested forms</title></head>
<body>



  name: firstBrother<br/>
  surname: Person<br/>
  

  name: secondBrother<br/>
  surname: Person<br/>
  brother: firstBrother Person<br/>

</body>
</html>