


<html>
<head>
<title>Section - list</title>
</head>

<body>

<button onClick="mak.event('myEvent1')">event1</button>
<br/><br/>

<script type="text/javascript">
var mak = new Mak();
var _mak_event_to_id_= $H();
var _mak_idevent_to_type_= $H();
var _mak_page_url_ = '/tests/JspRedirector';

var _mak_page_params_ = {"Cactus_AutomaticSession":["true"],"Cactus_TestClass":["org.makumba.test.tags.ListOQLTest"],"Cactus_TestMethod":["testSectionList"],"Cactus_Service":["CALL_TEST"]};

mak.merge(_mak_event_to_id_, $H({"myEvent1":["divList---1"]}));
mak.merge(_mak_idevent_to_type_, $H({"divList---1___myEvent1":["reload"]}));
</script>
<div id="divList---1">bart</div>

<script type="text/javascript">
mak.merge(_mak_event_to_id_, $H({"myEvent1":["divList---2"]}));
mak.merge(_mak_idevent_to_type_, $H({"divList---2___myEvent1":["reload"]}));
</script>
<div id="divList---2">john</div>



</body>
</html>