

<html>
<head>
  <link rel="StyleSheet" type="text/css" media="all" href="/tests/mak-tools/makumbaResources/css/makumba.css"/><title>Field types</title></head>
<body>




    <form action="testMakAddForm.jsp" id="_form1" method="post">
    	<input name="email" type="text" value="" maxlength="40" id="email_form1" >
   	    <input type="submit" name="addemail" value="Add!">
    <input type="hidden" name="__makumba__base__" value="34dqslv"><input type="hidden" name="__makumba__responder__" value="1619867263">
</form>


</body>
</html>