

<html>
<head>
  <link rel="StyleSheet" type="text/css" media="all" href="/tests/mak-tools/makumbaResources/css/makumba.css"/><title>Nested forms</title></head>
<body>



response:!
<form action="testMakNestedNewAndEditFormsSimple.jsp" method="post" name="stepBrother" >
  Step brother name: <input name="indiv.name" type="text" value="" maxlength="40" id="indiv.name_form1" ><br/>
  Step brother surname: <input name="indiv.surname" type="text" value="" maxlength="40" id="indiv.surname_form1" ><br/>
  
  <input type="hidden" name="weight" value="43.5" id="weight_form1" ><br/>

  
    
      
    <input type="hidden" name="__makumba__base___1" value="34dqslx"><input type="hidden" name="__makumba__responder__" value="-995114315_1">
  
  <input type="submit">
<input type="hidden" name="__makumba__responder__" value="310506392">
</form>

</body>
</html>