

<html>
<head><title>Nested forms</title></head>
<body>



<form action="beginMakNestedNewForms.jsp" method="post" name="firstBrother" >
  1st Name: <input name="indiv.name" type="text" value="" maxlength="40" id="indiv.name" ><br/>
  1st Surname: <input name="indiv.surname" type="text" value="" maxlength="40" id="indiv.surname" ><br/>

  
  <input type="hidden" name="weight" value="23.0" id="weight" ><br/>
  
    2nd Name: <input name="indiv.name_1" type="text" value="" maxlength="40" id="indiv.name" ><br/>
    2nd Surname: <input name="indiv.surname_1" type="text" value="" maxlength="40" id="indiv.surname" ><br/>
  <input type="hidden" name="__makumba__responder__" value="407692604_1">
  <input type="submit">
<input type="hidden" name="__makumba__responder__" value="442786200">
</form>

</body>
</html>