

<html>
<head><title>Test Bug 946</title></head>
<body>



<form action="" method="GET">
  Gender: <SELECT NAME="gender" SIZE="1" id="gender_form1" >
	<OPTION value="0">Female</OPTION>
	<OPTION value="1" SELECTED>Male</OPTION>
</SELECT>
<input type="hidden" name="__makumba__responder__" value="1465488197">
</form>

</body>
