

<html>
<head><title>Binary input</title></head>
<body>



<form action="testMakNewForm.jsp" id="_form1" method="post" enctype="multipart/form-data" >
  <INPUT name="picture" type="file" id="picture_form1"  ><br/>
  <input type="submit">
<input type="hidden" name="__makumba__responder__" value="118954528">
</form>

</body>
</html>