

<html>
<head><title>Field types</title></head>
<body>




testMakFormStart!<form action="testMakAddForm.jsp" id="_form1" method="post">!endMakFormStart
	testCharInput!<input name="name" type="text" value="" maxlength="255" id="name_form1" >!endCharInput
	testIntInput!<input name="uniqInt" type="text" value="" maxlength="10" id="uniqInt_form1" >!endIntInput
	testDateInput!<input type="hidden" name="birthdate_null"><select name="birthdate_0" id="birthdate_0_form1"><option value="1" selected>01</option><option value="2">02</option><option value="3">03</option><option value="4">04</option><option value="5">05</option><option value="6">06</option><option value="7">07</option><option value="8">08</option><option value="9">09</option><option value="10">10</option><option value="11">11</option><option value="12">12</option><option value="13">13</option><option value="14">14</option><option value="15">15</option><option value="16">16</option><option value="17">17</option><option value="18">18</option><option value="19">19</option><option value="20">20</option><option value="21">21</option><option value="22">22</option><option value="23">23</option><option value="24">24</option><option value="25">25</option><option value="26">26</option><option value="27">27</option><option value="28">28</option><option value="29">29</option><option value="30">30</option><option value="31">31</option></select> <select name="birthdate_1" id="birthdate_1_form1"><option value="0" selected>January</option><option value="1">February</option><option value="2">March</option><option value="3">April</option><option value="4">May</option><option value="5">June</option><option value="6">July</option><option value="7">August</option><option value="8">September</option><option value="9">October</option><option value="10">November</option><option value="11">December</option></select> <input type="text" name="birthdate_2" id="birthdate_2_form1" value="1900" maxlength="4" size="4">!endDateInput
	testTextInput!<TEXTAREA name="comment" id="comment_form1"  ></TEXTAREA>!endTextInput
    testSetInput!<SELECT MULTIPLE NAME="language" SIZE="10" id="language_form1" >
	<OPTION VALUE="3vyr0id">English</OPTION>
	<OPTION VALUE="3vyr0ie">French</OPTION>
	<OPTION VALUE="5uzv2hj">German</OPTION>
	<OPTION VALUE="3vyr0i8">Italian</OPTION>
	<OPTION VALUE="5uzv2hd">Spanish</OPTION>
</SELECT>!endSetInput
    testPtrInput!<SELECT NAME="brother" SIZE="1" id="brother_form1" >
	<OPTION value="34dqsls">bart van Vandervanden</OPTION>
	<OPTION value="34dqslv">john von Neumann</OPTION>
</SELECT>!endPtrInput
	<input type="submit">
testMakFormEnd!<input type="hidden" name="__makumba__responder__" value="-64763132">
</form>!endMakFormEnd



    testMakFormValueStart!<form action="testMakAddForm.jsp" id="_form2" method="post">!endMakFormValueStart
        testChar[]InputValue!<input name="nameValue" type="text" value="john" maxlength="40" id="nameValue_form2" >!endChar[]InputValue
        testIntInputValue!<input name="uniqIntValue" type="text" value="255" maxlength="10" id="uniqIntValue_form2" >!endIntInputValue
        testDateInputValue!<select name="birthdateValue_0" id="birthdateValue_0_form2"><option value="1">01</option><option value="2">02</option><option value="3">03</option><option value="4">04</option><option value="5" selected>05</option><option value="6">06</option><option value="7">07</option><option value="8">08</option><option value="9">09</option><option value="10">10</option><option value="11">11</option><option value="12">12</option><option value="13">13</option><option value="14">14</option><option value="15">15</option><option value="16">16</option><option value="17">17</option><option value="18">18</option><option value="19">19</option><option value="20">20</option><option value="21">21</option><option value="22">22</option><option value="23">23</option><option value="24">24</option><option value="25">25</option><option value="26">26</option><option value="27">27</option><option value="28">28</option><option value="29">29</option><option value="30">30</option><option value="31">31</option></select> <select name="birthdateValue_1" id="birthdateValue_1_form2"><option value="0">January</option><option value="1">February</option><option value="2" selected>March</option><option value="3">April</option><option value="4">May</option><option value="5">June</option><option value="6">July</option><option value="7">August</option><option value="8">September</option><option value="9">October</option><option value="10">November</option><option value="11">December</option></select> <input type="text" name="birthdateValue_2" id="birthdateValue_2_form2" value="1977" maxlength="4" size="4">!endDateInputValue
        testTextInputValue!<TEXTAREA name="commentValue" id="commentValue_form2"  >This is a text field. It's a comment about this person.</TEXTAREA>!endTextInputValue
        testPtrInputValue!<SELECT NAME="brotherValue" SIZE="1" id="brotherValue_form2" >
	<OPTION value="34dqsls" SELECTED>bart van Vandervanden</OPTION>
	<OPTION value="34dqslv">john von Neumann</OPTION>
</SELECT>!endPtrInputValue
    testMakFormValueEnd!<input type="hidden" name="__makumba__responder__" value="-1724716645">
</form>!endMakFormValueEnd


</body>
</html>