





<html>
<head><title>Testing multiple parameters</title></head>
<body>






<b>All languages:</b><br/>

     
  3vyr0id: English en <br/>

     
  3vyr0ie: French fr <br/>

     
  5uzv2hj: German de <br/>

     
  3vyr0i8: Italian it <br/>

     
  5uzv2hd: Spanish sp <br/>

<br>

<b>All languages</b>: [3vyr0id, 3vyr0ie, 5uzv2hj, 3vyr0i8, 5uzv2hd]
<br/><br/>



<b>Test IN SET, with all languages in parameter $languages</b><br/>

  3vyr0id: English en <br/>

  3vyr0ie: French fr <br/>

  5uzv2hj: German de <br/>

  3vyr0i8: Italian it <br/>

  5uzv2hd: Spanish sp <br/>

<br/>

</body>
</html>