

<html>
<head>
  <link rel="StyleSheet" type="text/css" media="all" href="/tests/mak-tools/makumbaResources/css/makumba.css"/><title>Nested forms</title></head>
<body>



  name: firstBrother<br/>
  surname: Person<br/>
  

  name: secondBrother<br/>
  surname: Person<br/>
  brother: firstBrother Person<br/>

</body>
</html>