


<html>
<head>
<title>Section - list with iteration expression</title>
</head>

<body>

<button onClick="mak.event('myEvent1')">event1</button>
<br/><br/>

<button onClick="mak.event('myEvent1', 'bart')">event5 iteration bart</button>
<script type="text/javascript">
var mak = new Mak();
var _mak_event_to_id_= $H();
var _mak_idevent_to_type_= $H();
var _mak_page_url_ = '/tests/JspRedirector';

var _mak_page_params_ = {"Cactus_TestMethod":["testSectionListExpr"],"Cactus_AutomaticSession":["true"],"Cactus_Service":["CALL_TEST"],"Cactus_TestClass":["org.makumba.test.tags.ListOQLTest"]};

mak.merge(_mak_event_to_id_, $H({"myEvent1":["divListId---bart"]}));
mak.merge(_mak_idevent_to_type_, $H({"divListId---bart___myEvent1":["reload"]}));
</script>
<div id="divListId---bart">bart</div>

<button onClick="mak.event('myEvent1', 'john')">event5 iteration john</button>
<script type="text/javascript">
mak.merge(_mak_event_to_id_, $H({"myEvent1":["divListId---john"]}));
mak.merge(_mak_idevent_to_type_, $H({"divListId---john___myEvent1":["reload"]}));
</script>
<div id="divListId---john">john</div>


</body>
</html>