

<html>
<head><title>Persons and Brothers</title></head>
<body>




<b>Persons and brothers:</b>
<br/><br/>

<b>Ordered by p.indiv.name</b><br/>

  bart van Vandervanden, brothers: 0 <br/>

  john von Neumann, brothers: 1 <br/>

<br/><br/>

<b>Ordered by p.numberOfBrothers() DESC</b><br/>

  john von Neumann, brothers: 1 <br/>

  bart van Vandervanden, brothers: 0 <br/>


</body>
</html>