

<html>
<head>
  <link rel="StyleSheet" type="text/css" media="all" href="/tests/mak-tools/makumbaResources/css/makumba.css"/><title>AddToNew</title></head>
<body>



<br/>
<form action="testMakAddToNewFormValidation.jsp" id="_form1" method="POST" name="p" >
    <input name="indiv.name" type="text" value="" maxlength="40" id="indiv.name_form1" ><br>
    
      <input name="description_1" type="text" value="" maxlength="30" id="description_form2" >
      <input name="email_1" type="text" value="" maxlength="40" id="email_form2" >
    <input type="hidden" name="__makumba__responder__" value="423348470_1">
    <input type="submit" name="addemail" value="Add!">    
<input type="hidden" name="__makumba__responder__" value="-735092466">
</form>

</body>
</html>