

<html>
<head><title>Testing mak:nextCount()</title></head>
<body>




<b>Persons</b> list will have 2 items<br/>

  &nbsp; # countPerson: 1/2<br/>

  &nbsp; # countPerson: 2/2<br/>

<b>Persons</b> list had 2 items<br/>

<br/><br/>

<b>Languages</b> list will have 5 items<br/>

  &nbsp; # countLanguage: 1/5<br/>

  &nbsp; # countLanguage: 2/5<br/>

  &nbsp; # countLanguage: 3/5<br/>

  &nbsp; # countLanguage: 4/5<br/>

  &nbsp; # countLanguage: 5/5<br/>

<b>Languages</b> list had 5 items<br/>

</body>
</html>
