

<html>
<head><title>Field types</title></head>
<body>





  testTS_modify!2007-09-25 16:25:27.0!endTS_modify<br>  


</body>
</html>