

<html>
<head><title>AddToNew</title></head>
<body>



<form action="testMakAddToNewForm.jsp" method="GET" name="p" >
    <input name="indiv.name" type="text" value="" maxlength="40" id="indiv.name_form1" ><br>
    
      <input name="description_1" type="text" value="" maxlength="30" id="description_form2" >
      <input name="email_1" type="text" value="" maxlength="40" id="email_form2" >
    <input type="hidden" name="__makumba__responder__" value="-9090486_1">
    <input type="submit" name="addemail" value="Add!">    
<input type="hidden" name="__makumba__responder__" value="-1477605041">
</form>

</body>
</html>