

<html>
<head><title>Nested forms</title></head>
<body>



<form action="beginMakNestedNewForms.jsp" method="post" name="firstBrother" >
  1st Name: <input name="indiv.name" type="text" value="" maxlength="40" id="indiv.name_form1" ><br/>
  1st Surname: <input name="indiv.surname" type="text" value="" maxlength="40" id="indiv.surname_form1" ><br/>
  
  
  <input type="hidden" name="weight" value="23.0" id="weight_form1" ><br/>
  
    2nd Name: <input name="indiv.name_1" type="text" value="" maxlength="40" id="indiv.name_form2" ><br/>
    2nd Surname: <input name="indiv.surname_1" type="text" value="" maxlength="40" id="indiv.surname_form2" ><br/>
    
  <input type="hidden" name="__makumba__responder__" value="950572446_1">
  
    3rd Name: <input name="indiv.name_2" type="text" value="" maxlength="40" id="indiv.name_form3" ><br/>
    3rd Surname: <input name="indiv.surname_2" type="text" value="" maxlength="40" id="indiv.surname_form3" ><br/>
  <input type="hidden" name="__makumba__responder__" value="402854924_2">
  
    4th Name: <input name="indiv.name_3" type="text" value="" maxlength="40" id="indiv.name_form4" ><br/>
    4th Surname: <input name="indiv.surname_3" type="text" value="" maxlength="40" id="indiv.surname_form4" ><br/>
    
  <input type="hidden" name="__makumba__responder__" value="-1947143263_3">
  <input type="submit">
<input type="hidden" name="__makumba__responder__" value="315779834">
</form>

</body>
</html>