

<html>
<head><title>File input</title></head>
<body>



<form action="testMakNewFormFile.jsp" method="post" enctype="multipart/form-data" >
  <INPUT name="someAttachment" type="file" id="someAttachment_form1"  ><br/>
  <input type="submit">
<input type="hidden" name="__makumba__responder__" value="-938648636">
</form>

</body>
</html>