

<html>
<head><title>Language list</title></head>
<body>




<b>Languages:</b>
<br><br><br>

  countLanguage:1<br>
  maxCountLanguage:5<br>
  
    nestedCountPerson:1<br>
    nestedMaxCountPerson:2<br>
  
    nestedCountPerson:2<br>
    nestedMaxCountPerson:2<br>
  
  lastCountPerson:2<br>
  countLanguage2:1<br>
  maxCountLanguage2:5<br>
  lastCountPerson2:2<br>

  countLanguage:2<br>
  maxCountLanguage:5<br>
  
    nestedCountPerson:1<br>
    nestedMaxCountPerson:2<br>
  
    nestedCountPerson:2<br>
    nestedMaxCountPerson:2<br>
  
  lastCountPerson:2<br>
  countLanguage2:2<br>
  maxCountLanguage2:5<br>
  lastCountPerson2:2<br>

  countLanguage:3<br>
  maxCountLanguage:5<br>
  
    nestedCountPerson:1<br>
    nestedMaxCountPerson:2<br>
  
    nestedCountPerson:2<br>
    nestedMaxCountPerson:2<br>
  
  lastCountPerson:2<br>
  countLanguage2:3<br>
  maxCountLanguage2:5<br>
  lastCountPerson2:2<br>

  countLanguage:4<br>
  maxCountLanguage:5<br>
  
    nestedCountPerson:1<br>
    nestedMaxCountPerson:2<br>
  
    nestedCountPerson:2<br>
    nestedMaxCountPerson:2<br>
  
  lastCountPerson:2<br>
  countLanguage2:4<br>
  maxCountLanguage2:5<br>
  lastCountPerson2:2<br>

  countLanguage:5<br>
  maxCountLanguage:5<br>
  
    nestedCountPerson:1<br>
    nestedMaxCountPerson:2<br>
  
    nestedCountPerson:2<br>
    nestedMaxCountPerson:2<br>
  
  lastCountPerson:2<br>
  countLanguage2:5<br>
  maxCountLanguage2:5<br>
  lastCountPerson2:2<br>

lastCountLanguage:5<br>
lastCountById('personList'):2<br>
</body>
</html>