

<html>
<head>
  <link rel="StyleSheet" type="text/css" media="all" href="/tests/mak-tools/makumbaResources/css/makumba.css"/><title>Field types</title></head>
<body>




<form action="testMakSearchForm2.jsp" method="GET" name="searchPerson" >
  name or surname  <input name="indiv.name" type="text" value="a" maxlength="40" id="indiv.name_form1" > 
  <input type="submit" value="search">
<input type="hidden" name="__makumba__responder__" value="-395456465">
</form>


  <hr>
  searchPersonWhere:  (o_indiv.name LIKE $indiv.name__Like OR o_indiv.surname LIKE $indiv.name__Like) <br>
  searchPersonFrom: test.Person o<br>  
  
    addToNewPerson <br>
  


</body>
</html>