


<html>
<head><title>Test OQL Functions</title></head>
<body>



p.nameMin2CharsLong()<br>

  1 - bart, bart, 4 <br>

  2 - john, john, 4 <br>


<br><br>


p.nameMin4CharsLong()<br>


<br><br>


p.nameMin3CharsLong()<br>

  1 - bart, bart, 4 <br>

  2 - john, john, 4 <br>


<br><br>


p.oldEnough2(): age + 3 > 20<br>

