

<html>
<head><title>Language list using the mak:value() function</title></head>
<body>




<b>Languages:</b>
<br><br><br>

  #1: 
  name:English,  
  isoCode:en,
  
    Yes!
    
    
    
  
  <br/>

  #2: 
  name:French,  
  isoCode:fr,
  
    
    Oui!
    
    
  
  <br/>

  #3: 
  name:German,  
  isoCode:de,
  
    
    
    Ja!
    
  
  <br/>

  #4: 
  name:Italian,  
  isoCode:it,
  
    
    
    
    D'oh!
  
  <br/>

  #5: 
  name:Spanish,  
  isoCode:sp,
  
    
    
    
    D'oh!
  
  <br/>


</body>
</html>
