

<html>
<head>
  <!-- BEGIN: automatically added by Makumba -->
  <link rel="StyleSheet" type="text/css" media="all" href="/tests/mak-tools/makumbaResources/css/makumba.css"/>
  <!-- END: automatically added by Makumba -->
<title>Test Search Form with static where condition</title>
  <!-- BEGIN: automatically added by Makumba -->
  <script type="text/javascript" src="/tests/mak-tools/makumbaResources/javaScript/makumba-livevalidation.js"></script>
  <script type="text/javascript" src="/tests/mak-tools/makumbaResources/javaScript/livevalidation_1.3_standalone.js"></script>
  <script type="text/javascript" src="/tests/mak-tools/makumbaResources/javaScript/kruseCalendarPopup_combined_compact.js"></script>
  <script type="text/javascript" src="/tests/mak-tools/makumbaResources/javaScript/makumbaDateFunctions.js"></script>
  <script type="text/javascript" src="/tests/mak-tools/makumbaResources/javaScript/makumbaSetChooser.js"></script>
  <script type="text/javascript" src="/tests/mak-tools/makumbaResources/javaScript/makumba-autocomplete.js"></script>
  <script type="text/javascript" src="/tests/mak-tools/makumbaResources/javaScript/makumba-ajax.js"></script>
  <!-- END: automatically added by Makumba -->
</head>
<body>




<form action="testMakSearchFormStaticWhere.jsp" id="_form1" method="GET" name="searchPerson" >
  name or surname  <SELECT NAME="indiv.nameMatch" SIZE="1" >
	<OPTION value="contains" SELECTED>contains</OPTION>
	<OPTION value="equals">equals</OPTION>
	<OPTION value="begins">begins with</OPTION>
	<OPTION value="ends">ends with</OPTION>
</SELECT>
 <input name="indiv.name" type="text" value="" maxlength="40" id="indiv.name_form1" > 
  <input type="submit" value="search">
<input type="hidden" name="__makumba__responder__" value="2000741461">
</form>

<hr/>
<b>Search form attributes:</b><br/>
searchPersonDone: <br/>
searchPersonFrom: <br/>
searchPersonVariableFrom: <br/>
searchPersonWhere: <br/>
searchPersonQueryString: <br/>
<hr/>


  name: bart van Vandervanden, length: 21<br>

  name: john von Neumann, length: 16<br>


</body>
</html>
