

<html>
<head>
  <!-- BEGIN: automatically added by Makumba -->
  <link rel="StyleSheet" type="text/css" media="all" href="/tests/mak-tools/makumbaResources/css/makumba.css"/>
  <!-- END: automatically added by Makumba -->

<title>Test Search Form, ptrs/intEnum in SETs</title>
<link rel="StyleSheet" href="../style/style.css" type="text/css" media="all"/>

  <!-- BEGIN: automatically added by Makumba -->
  <script type="text/javascript" src="/tests/mak-tools/makumbaResources/javaScript/makumba-livevalidation.js"></script>
  <script type="text/javascript" src="/tests/mak-tools/makumbaResources/javaScript/livevalidation_1.3_standalone.js"></script>
  <script type="text/javascript" src="/tests/mak-tools/makumbaResources/javaScript/kruseCalendarPopup_combined_compact.js"></script>
  <script type="text/javascript" src="/tests/mak-tools/makumbaResources/javaScript/makumbaDateFunctions.js"></script>
  <script type="text/javascript" src="/tests/mak-tools/makumbaResources/javaScript/makumbaSetChooser.js"></script>
  <script type="text/javascript" src="/tests/mak-tools/makumbaResources/javaScript/makumba-autocomplete.js"></script>
  <script type="text/javascript" src="/tests/mak-tools/makumbaResources/javaScript/makumba-ajax.js"></script>
  <!-- END: automatically added by Makumba -->
</head>
<body>






<form action="#results" id="_form1" method="GET" name="searchPerson" >
  gender  <SELECT MULTIPLE NAME="gender" SIZE="5" id="gender_form1" >
	<OPTION VALUE="0">Female</OPTION>
	<OPTION VALUE="1">Male</OPTION>
</SELECT>  <br/>
  brother  <SELECT MULTIPLE NAME="brother" SIZE="5" id="brother_form1" >
	<OPTION VALUE="53euuky">addToNewPerson</OPTION>
	<OPTION VALUE="34dqsls">bart van Vandervanden</OPTION>
	<OPTION VALUE="34dqslv">john von Neumann</OPTION>
</SELECT>  <br/>
  <input type="submit" value="search">
<input type="hidden" name="__makumba__responder__" value="2047596712">
</form>



</body>
</html>
