

<html>
<head><title>Person list</title></head>
<body>



Person:
<br>

   It's johnny! <br>


</body>
</html>