





<html>
<head><title>Testing IN and NOT IN</title></head>
<body>






<b>All persons:</b><br/>

     
  34dqsls: bart van Vandervanden <br/>

  
  34dqslv: john von Neumann <br/>

<br>

<b>Everyone but the last person</b>: [34dqsls]
<br/><br/>



<b>Test NOT IN, skipping last person</b><br/>

  34dqslv: john von Neumann <br/>

<br/>

<b>Test NOT IN, version #2</b><br/>

  34dqslv: john von Neumann <br/>

<br>

<b>Testing the opposite</b><br/>

  34dqsls: bart van Vandervanden <br/>



</body>
</html>