

<html>
<head><title>Field types</title></head>
<body>





  testAddressDescription!!endAddressDescription<br>
  testAddressDescriptionEmpty!N/A!endAddressDescriptionEmpty<br>
  testAddressPhoneDefault!N/A!endAddressPhoneDefault<br>
  testAddressUsagestart!05 March 1977!endAddressUsagestart


</body>
</html>