

<html>
<head><title>Language list</title></head>
<body>




<b>Number of Languages:</b>

  5


<br/> <br/>

<b>Languages per person:</b><br/>

  bart  <br/>

  john  <br/>


<br/> <br/>

<b>Max uniqInt:</b><br/>

  255


<br/> <br/>

<b>Min uniqInt:</b><br/>

  255


<br/> <br/>

<b>Sum uniqInt:</b><br/>

  255


</body>
</html>